Found 20 files to process.
Processing file 1 of 20
Processing file: /mnt/fanlab/Volumes/fanlab/Labmembers/Kohl/CCK/cck-inhDSI-w08/2026-01-13-VR-V_blue/slice3/FOV4/140256_Spon30AO4
Error processing file /mnt/fanlab/Volumes/fanlab/Labmembers/Kohl/CCK/cck-inhDSI-w08/2026-01-13-VR-V_blue/slice3/FOV4/140256_Spon30AO4: [Errno 2] No such file or directory: '/mnt/fanlab/Volumes/fanlab/Labmembers/Kohl/CCK/cck-inhDSI-w08/2026-01-13-VR-V_blue/slice3/FOV4/140256_Spon30AO4/support/raw.tiff'
Processing file 2 of 20
Processing file: /mnt/fanlab/Volumes/fanlab/Labmembers/Kohl/CCK/cck-inhDSI-w08/2026-01-13-VR-V_blue/slice3/FOV4/140419_Spon30AO4
Error processing file /mnt/fanlab/Volumes/fanlab/Labmembers/Kohl/CCK/cck-inhDSI-w08/2026-01-13-VR-V_blue/slice3/FOV4/140419_Spon30AO4: [Errno 2] No such file or directory: '/mnt/fanlab/Volumes/fanlab/Labmembers/Kohl/CCK/cck-inhDSI-w08/2026-01-13-VR-V_blue/slice3/FOV4/140419_Spon30AO4/support/raw.tiff'
Processing file 3 of 20
Processing file: /mnt/fanlab/Volumes/fanlab/Labmembers/Kohl/CCK/cck-inhDSI-w08/2026-01-13-VR-V_blue/slice3/FOV4/140531_Spon30AO4
Error processing file /mnt/fanlab/Volumes/fanlab/Labmembers/Kohl/CCK/cck-inhDSI-w08/2026-01-13-VR-V_blue/slice3/FOV4/140531_Spon30AO4: [Errno 2] No such file or directory: '/mnt/fanlab/Volumes/fanlab/Labmembers/Kohl/CCK/cck-inhDSI-w08/2026-01-13-VR-V_blue/slice3/FOV4/140531_Spon30AO4/support/raw.tiff'
Processing file 4 of 20
Processing file: /mnt/fanlab/Volumes/fanlab/Labmembers/Kohl/CCK/cck-inhDSI-w08/2026-01-13-VR-V_blue/slice3/FOV4/140634_Spon30AO4
Error processing file /mnt/fanlab/Volumes/fanlab/Labmembers/Kohl/CCK/cck-inhDSI-w08/2026-01-13-VR-V_blue/slice3/FOV4/140634_Spon30AO4: [Errno 2] No such file or directory: '/mnt/fanlab/Volumes/fanlab/Labmembers/Kohl/CCK/cck-inhDSI-w08/2026-01-13-VR-V_blue/slice3/FOV4/140634_Spon30AO4/support/raw.tiff'
Processing file 5 of 20
Processing file: /mnt/fanlab/Volumes/fanlab/Labmembers/Kohl/CCK/cck-inhDSI-w08/2026-01-13-VR-V_blue/slice3/FOV4/140726_Spon30AO4
Error processing file /mnt/fanlab/Volumes/fanlab/Labmembers/Kohl/CCK/cck-inhDSI-w08/2026-01-13-VR-V_blue/slice3/FOV4/140726_Spon30AO4: [Errno 2] No such file or directory: '/mnt/fanlab/Volumes/fanlab/Labmembers/Kohl/CCK/cck-inhDSI-w08/2026-01-13-VR-V_blue/slice3/FOV4/140726_Spon30AO4/support/raw.tiff'
Processing file 6 of 20
Processing file: /mnt/fanlab/Volumes/fanlab/Labmembers/Kohl/CCK/cck-inhDSI-w08/2026-01-13-VR-V_blue/slice3/FOV4/140831_Spon30AO4
Error processing file /mnt/fanlab/Volumes/fanlab/Labmembers/Kohl/CCK/cck-inhDSI-w08/2026-01-13-VR-V_blue/slice3/FOV4/140831_Spon30AO4: [Errno 2] No such file or directory: '/mnt/fanlab/Volumes/fanlab/Labmembers/Kohl/CCK/cck-inhDSI-w08/2026-01-13-VR-V_blue/slice3/FOV4/140831_Spon30AO4/support/raw.tiff'
Processing file 7 of 20
Processing file: /mnt/fanlab/Volumes/fanlab/Labmembers/Kohl/CCK/cck-inhDSI-w08/2026-01-13-VR-V_blue/slice3/FOV4/140951_Spon30AO4
Error processing file /mnt/fanlab/Volumes/fanlab/Labmembers/Kohl/CCK/cck-inhDSI-w08/2026-01-13-VR-V_blue/slice3/FOV4/140951_Spon30AO4: [Errno 2] No such file or directory: '/mnt/fanlab/Volumes/fanlab/Labmembers/Kohl/CCK/cck-inhDSI-w08/2026-01-13-VR-V_blue/slice3/FOV4/140951_Spon30AO4/support/raw.tiff'
Processing file 8 of 20
Processing file: /mnt/fanlab/Volumes/fanlab/Labmembers/Kohl/CCK/cck-inhDSI-w08/2026-01-13-VR-V_blue/slice3/FOV4/141159_Spon30AO4
Error processing file /mnt/fanlab/Volumes/fanlab/Labmembers/Kohl/CCK/cck-inhDSI-w08/2026-01-13-VR-V_blue/slice3/FOV4/141159_Spon30AO4: [Errno 2] No such file or directory: '/mnt/fanlab/Volumes/fanlab/Labmembers/Kohl/CCK/cck-inhDSI-w08/2026-01-13-VR-V_blue/slice3/FOV4/141159_Spon30AO4/support/raw.tiff'
Processing file 9 of 20
Processing file: /mnt/fanlab/Volumes/fanlab/Labmembers/Kohl/CCK/cck-inhDSI-w08/2026-01-13-VR-V_blue/slice3/FOV4/141408_Spon30AO4
Error processing file /mnt/fanlab/Volumes/fanlab/Labmembers/Kohl/CCK/cck-inhDSI-w08/2026-01-13-VR-V_blue/slice3/FOV4/141408_Spon30AO4: [Errno 2] No such file or directory: '/mnt/fanlab/Volumes/fanlab/Labmembers/Kohl/CCK/cck-inhDSI-w08/2026-01-13-VR-V_blue/slice3/FOV4/141408_Spon30AO4/support/raw.tiff'
Processing file 10 of 20
Processing file: /mnt/fanlab/Volumes/fanlab/Labmembers/Kohl/CCK/cck-inhDSI-w08/2026-01-13-VR-V_blue/slice3/FOV4/141527_Spon30AO4
Error processing file /mnt/fanlab/Volumes/fanlab/Labmembers/Kohl/CCK/cck-inhDSI-w08/2026-01-13-VR-V_blue/slice3/FOV4/141527_Spon30AO4: [Errno 2] No such file or directory: '/mnt/fanlab/Volumes/fanlab/Labmembers/Kohl/CCK/cck-inhDSI-w08/2026-01-13-VR-V_blue/slice3/FOV4/141527_Spon30AO4/support/raw.tiff'
Processing file 11 of 20
Processing file: /mnt/fanlab/Volumes/fanlab/Labmembers/Kohl/CCK/cck-inhDSI-w08/2026-01-13-VR-V_blue/slice3/FOV4/141631_Spon30AO4
Error processing file /mnt/fanlab/Volumes/fanlab/Labmembers/Kohl/CCK/cck-inhDSI-w08/2026-01-13-VR-V_blue/slice3/FOV4/141631_Spon30AO4: [Errno 2] No such file or directory: '/mnt/fanlab/Volumes/fanlab/Labmembers/Kohl/CCK/cck-inhDSI-w08/2026-01-13-VR-V_blue/slice3/FOV4/141631_Spon30AO4/support/raw.tiff'
Processing file 12 of 20
Processing file: /mnt/fanlab/Volumes/fanlab/Labmembers/Kohl/CCK/cck-inhDSI-w08/2026-01-13-VR-V_blue/slice3/FOV4/141722_Spon30AO4
Error processing file /mnt/fanlab/Volumes/fanlab/Labmembers/Kohl/CCK/cck-inhDSI-w08/2026-01-13-VR-V_blue/slice3/FOV4/141722_Spon30AO4: [Errno 2] No such file or directory: '/mnt/fanlab/Volumes/fanlab/Labmembers/Kohl/CCK/cck-inhDSI-w08/2026-01-13-VR-V_blue/slice3/FOV4/141722_Spon30AO4/support/raw.tiff'
Processing file 13 of 20
Processing file: /mnt/fanlab/Volumes/fanlab/Labmembers/Kohl/CCK/cck-inhDSI-w08/2026-01-13-VR-V_blue/slice3/FOV4/141940_Spon30AO4
Error processing file /mnt/fanlab/Volumes/fanlab/Labmembers/Kohl/CCK/cck-inhDSI-w08/2026-01-13-VR-V_blue/slice3/FOV4/141940_Spon30AO4: [Errno 2] No such file or directory: '/mnt/fanlab/Volumes/fanlab/Labmembers/Kohl/CCK/cck-inhDSI-w08/2026-01-13-VR-V_blue/slice3/FOV4/141940_Spon30AO4/support/raw.tiff'
Processing file 14 of 20
Processing file: /mnt/fanlab/Volumes/fanlab/Labmembers/Kohl/CCK/cck-inhDSI-w08/2026-01-13-VR-V_blue/slice3/FOV4/142107_Spon30AO4
Error processing file /mnt/fanlab/Volumes/fanlab/Labmembers/Kohl/CCK/cck-inhDSI-w08/2026-01-13-VR-V_blue/slice3/FOV4/142107_Spon30AO4: [Errno 2] No such file or directory: '/mnt/fanlab/Volumes/fanlab/Labmembers/Kohl/CCK/cck-inhDSI-w08/2026-01-13-VR-V_blue/slice3/FOV4/142107_Spon30AO4/support/raw.tiff'
Processing file 15 of 20
Processing file: /mnt/fanlab/Volumes/fanlab/Labmembers/Kohl/CCK/cck-inhDSI-w08/2026-01-13-VR-V_blue/slice3/FOV4/142245_Spon30AO4
Error processing file /mnt/fanlab/Volumes/fanlab/Labmembers/Kohl/CCK/cck-inhDSI-w08/2026-01-13-VR-V_blue/slice3/FOV4/142245_Spon30AO4: [Errno 2] No such file or directory: '/mnt/fanlab/Volumes/fanlab/Labmembers/Kohl/CCK/cck-inhDSI-w08/2026-01-13-VR-V_blue/slice3/FOV4/142245_Spon30AO4/support/raw.tiff'
Processing file 16 of 20
Processing file: /mnt/fanlab/Volumes/fanlab/Labmembers/Kohl/CCK/cck-inhDSI-w08/2026-01-13-VR-V_blue/slice3/FOV4/142440_Spon30AO4
Error processing file /mnt/fanlab/Volumes/fanlab/Labmembers/Kohl/CCK/cck-inhDSI-w08/2026-01-13-VR-V_blue/slice3/FOV4/142440_Spon30AO4: [Errno 2] No such file or directory: '/mnt/fanlab/Volumes/fanlab/Labmembers/Kohl/CCK/cck-inhDSI-w08/2026-01-13-VR-V_blue/slice3/FOV4/142440_Spon30AO4/support/raw.tiff'
Processing file 17 of 20
Processing file: /mnt/fanlab/Volumes/fanlab/Labmembers/Kohl/CCK/cck-inhDSI-w08/2026-01-13-VR-V_blue/slice3/FOV4/142547_Spon30AO4
Error processing file /mnt/fanlab/Volumes/fanlab/Labmembers/Kohl/CCK/cck-inhDSI-w08/2026-01-13-VR-V_blue/slice3/FOV4/142547_Spon30AO4: [Errno 2] No such file or directory: '/mnt/fanlab/Volumes/fanlab/Labmembers/Kohl/CCK/cck-inhDSI-w08/2026-01-13-VR-V_blue/slice3/FOV4/142547_Spon30AO4/support/raw.tiff'
Processing file 18 of 20
Processing file: /mnt/fanlab/Volumes/fanlab/Labmembers/Kohl/CCK/cck-inhDSI-w08/2026-01-13-VR-V_blue/slice3/FOV4/143039_IPSP_AO1.0_200ms-DSI_AO4_1s_OD.5
Error processing file /mnt/fanlab/Volumes/fanlab/Labmembers/Kohl/CCK/cck-inhDSI-w08/2026-01-13-VR-V_blue/slice3/FOV4/143039_IPSP_AO1.0_200ms-DSI_AO4_1s_OD.5: [Errno 2] No such file or directory: '/mnt/fanlab/Volumes/fanlab/Labmembers/Kohl/CCK/cck-inhDSI-w08/2026-01-13-VR-V_blue/slice3/FOV4/143039_IPSP_AO1.0_200ms-DSI_AO4_1s_OD.5/support/raw.tiff'
Processing file 19 of 20
Processing file: /mnt/fanlab/Volumes/fanlab/Labmembers/Kohl/CCK/cck-inhDSI-w08/2026-01-13-VR-V_blue/slice3/FOV4/143156_IPSP_AO1.0_200ms-DSI_AO4_1s_OD.5
Error processing file /mnt/fanlab/Volumes/fanlab/Labmembers/Kohl/CCK/cck-inhDSI-w08/2026-01-13-VR-V_blue/slice3/FOV4/143156_IPSP_AO1.0_200ms-DSI_AO4_1s_OD.5: [Errno 2] No such file or directory: '/mnt/fanlab/Volumes/fanlab/Labmembers/Kohl/CCK/cck-inhDSI-w08/2026-01-13-VR-V_blue/slice3/FOV4/143156_IPSP_AO1.0_200ms-DSI_AO4_1s_OD.5/support/raw.tiff'
Processing file 20 of 20
Processing file: /mnt/fanlab/Volumes/fanlab/Labmembers/Kohl/CCK/cck-inhDSI-w08/2026-01-13-VR-V_blue/slice3/FOV4/143343_IPSP_AO1.0_200ms-DSI_AO4_1s_OD.5
Error processing file /mnt/fanlab/Volumes/fanlab/Labmembers/Kohl/CCK/cck-inhDSI-w08/2026-01-13-VR-V_blue/slice3/FOV4/143343_IPSP_AO1.0_200ms-DSI_AO4_1s_OD.5: [Errno 2] No such file or directory: '/mnt/fanlab/Volumes/fanlab/Labmembers/Kohl/CCK/cck-inhDSI-w08/2026-01-13-VR-V_blue/slice3/FOV4/143343_IPSP_AO1.0_200ms-DSI_AO4_1s_OD.5/support/raw.tiff'
